// Jest Snapshot v1, https://goo.gl/fbAQLP

exports[`App matches his snapshot 1`] = `
<div
  className="App"
>
  HEldlo World 1
</div>
`;
